
Memory Configuration

Name             Origin             Length             Attributes
bram             0x00860000         0x00001000
*default*        0x00000000         0xffffffff

Linker script and memory map

                0x00000000                __DYNAMIC = 0x0
                0x00860000                _BRAM_START = 0x860000
                0x00001000                _BRAM_SIZE = 0x1000
                0x00861000                _BRAM_END = (_BRAM_START + _BRAM_SIZE)

.text           0x00860000      0x218
                0x00860000                _ftext = .
 *(.text .stub .text.* .gnu.linkonce.t.*)
 .text          0x00860000       0x8c crt0ram.o
                0x00860000                _start
                0x00860060                irq_enable
                0x0086006c                irq_mask
                0x00860078                irq_disable
                0x00860084                jump
                0x00860088                halt
 .text          0x0086008c       0xa8 main.o
                0x0086008c                main
 .text          0x00860134       0xe4 soc-hw.o
                0x00860134                uart_init
                0x00860138                uart_getchar
                0x0086015c                uart_getint
                0x0086017c                uart_putchar1
                0x008601a0                uart_putchar
                0x008601c4                uart_putint
                0x008601e4                uart_putstr
                0x00860218                _etext = .

.rodata         0x00860218       0x40
                0x00860218                . = ALIGN (0x4)
                0x00860218                _frodata = .
 *(.rodata .rodata.* .gnu.linkonce.r.*)
 .rodata.str1.4
                0x00860218       0x40 main.o
 *(.rodata1)
                0x00860258                _erodata = .

.data           0x00860258        0xc
                0x00860258                . = ALIGN (0x4)
                0x00860258                _fdata = .
 *(.data .data.* .gnu.linkonce.d.*)
 .data          0x00860258        0x0 crt0ram.o
 .data          0x00860258        0x0 main.o
 .data          0x00860258        0xc soc-hw.o
                0x00860258                uart0
                0x0086025c                uart1
                0x00860260                gpio0
 *(.data1)
                0x00860270                _gp = ALIGN (0x10)
 *(.sdata .sdata.* .gnu.linkonce.s.*)
                0x00860264                _edata = .

.bss            0x00860264        0x4
                0x00860264                . = ALIGN (0x4)
                0x00860264                _fbss = .
 *(.dynsbss)
 *(.sbss .sbss.* .gnu.linkonce.sb.*)
 *(.scommon)
 *(.dynbss)
 *(.bss .bss.* .gnu.linkonce.b.*)
 .bss           0x00860264        0x0 crt0ram.o
 .bss           0x00860264        0x0 main.o
 .bss           0x00860264        0x4 soc-hw.o
                0x00860264                msec
 *(COMMON)
                0x00860268                _ebss = .
                0x00860268                _end = .
                0x00860ffc                PROVIDE (_fstack, ((ORIGIN (bram) + 0x1000) - 0x4))
LOAD crt0ram.o
LOAD main.o
LOAD soc-hw.o
OUTPUT(image elf32-lm32)

.debug_abbrev   0x00000000      0x1d5
 .debug_abbrev  0x00000000       0x71 main.o
 .debug_abbrev  0x00000071      0x164 soc-hw.o

.debug_info     0x00000000      0x334
 .debug_info    0x00000000       0xaa main.o
 .debug_info    0x000000aa      0x28a soc-hw.o

.debug_line     0x00000000      0x212
 .debug_line    0x00000000       0xcc main.o
 .debug_line    0x000000cc      0x146 soc-hw.o

.debug_frame    0x00000000       0xa0
 .debug_frame   0x00000000       0x20 main.o
 .debug_frame   0x00000020       0x80 soc-hw.o

.debug_loc      0x00000000       0x70
 .debug_loc     0x00000000       0x3f main.o
 .debug_loc     0x0000003f       0x31 soc-hw.o

.debug_pubnames
                0x00000000       0xc6
 .debug_pubnames
                0x00000000       0x1b main.o
 .debug_pubnames
                0x0000001b       0xab soc-hw.o

.debug_pubtypes
                0x00000000       0x60
 .debug_pubtypes
                0x00000000       0x2b main.o
 .debug_pubtypes
                0x0000002b       0x35 soc-hw.o

.debug_aranges  0x00000000       0x40
 .debug_aranges
                0x00000000       0x20 main.o
 .debug_aranges
                0x00000020       0x20 soc-hw.o

.debug_str      0x00000000      0x138
 .debug_str     0x00000000       0x87 main.o
                                 0x93 (size before relaxing)
 .debug_str     0x00000087       0xb1 soc-hw.o
                                0x12a (size before relaxing)

.comment        0x00000000       0x11
 .comment       0x00000000       0x11 main.o
                                 0x12 (size before relaxing)
 .comment       0x00000000       0x12 soc-hw.o
