
Allocating common symbols
Common symbol       size              file

p                   0x4               main.o
p2                  0x4               main.o
isr_table           0x80              soc-hw.o
tic_msec            0x4               soc-hw.o

Memory Configuration

Name             Origin             Length             Attributes
ram              0x00000000         0x00001000
*default*        0x00000000         0xffffffff

Linker script and memory map

                0x00000000                __DYNAMIC = 0x0
                0x00000000                _RAM_START = 0x0
                0x00001000                _RAM_SIZE = 0x1000
                0x00001000                _RAM_END = (_RAM_START + _RAM_SIZE)

.text           0x00000000      0x860
                0x00000000                _ftext = .
 *(.text .stub .text.* .gnu.linkonce.t.*)
 .text          0x00000000      0x208 crt0ram.o
                0x00000000                _start
                0x00000140                irq_enable
                0x0000014c                irq_disable
                0x00000158                irq_set_mask
                0x00000160                irq_get_mask
                0x00000168                jump
                0x0000016c                halt
                0x000001f8                get_sp
                0x00000200                get_gp
 .text          0x00000208      0x3c4 main.o
                0x00000208                writeint
                0x00000268                test2
                0x00000284                test
                0x000002ac                main
 .text          0x000005cc      0x294 soc-hw.o
                0x000005cc                isr_null
                0x000005d0                tic_isr
                0x000005fc                prueba
                0x00000670                irq_handler
                0x000006d4                isr_init
                0x000006f8                isr_register
                0x00000710                isr_unregister
                0x00000730                msleep
                0x0000076c                nsleep
                0x0000079c                tic_init
                0x000007e0                uart_init
                0x000007e4                uart_getchar
                0x00000808                uart_putchar
                0x0000082c                uart_putstr
                0x00000860                _etext = .

.rodata         0x00000860      0x114
                0x00000860                . = ALIGN (0x4)
                0x00000860                _frodata = .
 *(.rodata .rodata.* .gnu.linkonce.r.*)
 .rodata.str1.4
                0x00000860      0x110 main.o
 .rodata.cst4   0x00000970        0x4 soc-hw.o
 *(.rodata1)
                0x00000974                _erodata = .

.data           0x00000974       0x18
                0x00000974                . = ALIGN (0x4)
                0x00000974                _fdata = .
 *(.data .data.* .gnu.linkonce.d.*)
 .data          0x00000974        0x0 crt0ram.o
 .data          0x00000974        0x8 main.o
                0x00000974                glob
 .data          0x0000097c       0x10 soc-hw.o
                0x0000097c                uart0
                0x00000980                timer0
                0x00000984                gpio0
                0x00000988                spi0
 *(.data1)
                0x00000990                _gp = ALIGN (0x10)
 *(.sdata .sdata.* .gnu.linkonce.s.*)
                0x0000098c                _edata = .

.bss            0x0000098c       0x8c
                0x0000098c                . = ALIGN (0x4)
                0x0000098c                _fbss = .
 *(.dynsbss)
 *(.sbss .sbss.* .gnu.linkonce.sb.*)
 *(.scommon)
 *(.dynbss)
 *(.bss .bss.* .gnu.linkonce.b.*)
 .bss           0x0000098c        0x0 crt0ram.o
 .bss           0x0000098c        0x0 main.o
 .bss           0x0000098c        0x0 soc-hw.o
 *(COMMON)
 COMMON         0x0000098c        0x8 main.o
                0x0000098c                p
                0x00000990                p2
 COMMON         0x00000994       0x84 soc-hw.o
                0x00000994                isr_table
                0x00000a14                tic_msec
                0x00000a18                _ebss = .
                0x00000a18                _end = .
                0x00000ffc                PROVIDE (_fstack, ((ORIGIN (ram) + 0x1000) - 0x4))
LOAD crt0ram.o
LOAD main.o
LOAD soc-hw.o
OUTPUT(image elf32-lm32)

.debug_abbrev   0x00000000      0x34e
 .debug_abbrev  0x00000000      0x1b1 main.o
 .debug_abbrev  0x000001b1      0x19d soc-hw.o

.debug_info     0x00000000      0x8a9
 .debug_info    0x00000000      0x39b main.o
 .debug_info    0x0000039b      0x50e soc-hw.o

.debug_line     0x00000000      0x79b
 .debug_line    0x00000000      0x468 main.o
 .debug_line    0x00000468      0x333 soc-hw.o

.debug_frame    0x00000000      0x140
 .debug_frame   0x00000000       0x50 main.o
 .debug_frame   0x00000050       0xf0 soc-hw.o

.debug_loc      0x00000000      0x474
 .debug_loc     0x00000000      0x378 main.o
 .debug_loc     0x00000378       0xfc soc-hw.o

.debug_pubnames
                0x00000000      0x16e
 .debug_pubnames
                0x00000000       0x51 main.o
 .debug_pubnames
                0x00000051      0x11d soc-hw.o

.debug_pubtypes
                0x00000000       0x8f
 .debug_pubtypes
                0x00000000       0x36 main.o
 .debug_pubtypes
                0x00000036       0x59 soc-hw.o

.debug_aranges  0x00000000       0x40
 .debug_aranges
                0x00000000       0x20 main.o
 .debug_aranges
                0x00000020       0x20 soc-hw.o

.debug_ranges   0x00000000       0x38
 .debug_ranges  0x00000000       0x20 main.o
 .debug_ranges  0x00000020       0x18 soc-hw.o

.debug_str      0x00000000      0x1ff
 .debug_str     0x00000000       0xd9 main.o
                                 0xef (size before relaxing)
 .debug_str     0x000000d9      0x126 soc-hw.o
                                0x1cf (size before relaxing)

.comment        0x00000000       0x11
 .comment       0x00000000       0x11 main.o
                                 0x12 (size before relaxing)
 .comment       0x00000000       0x12 soc-hw.o
