
Allocating common symbols
Common symbol       size              file

isr_table           0x80              soc-hw.o
tic_msec            0x4               soc-hw.o

Memory Configuration

Name             Origin             Length             Attributes
ram              0x0000000000000000 0x0000000000001000
*default*        0x0000000000000000 0xffffffffffffffff

Linker script and memory map

                0x0000000000000000                __DYNAMIC = 0x0
                0x0000000000000000                _RAM_START = 0x0
                0x0000000000001000                _RAM_SIZE = 0x1000
                0x0000000000001000                _RAM_END = (_RAM_START + _RAM_SIZE)

.text           0x0000000000000000      0x778
                0x0000000000000000                _ftext = .
 *(.text .stub .text.* .gnu.linkonce.t.*)
 .text          0x0000000000000000      0x208 crt0ram.o
                0x0000000000000000                _start
                0x0000000000000140                irq_enable
                0x000000000000014c                irq_disable
                0x0000000000000158                irq_set_mask
                0x0000000000000160                irq_get_mask
                0x0000000000000168                jump
                0x000000000000016c                halt
                0x00000000000001f8                get_sp
                0x0000000000000200                get_gp
 .text          0x0000000000000208      0x298 main.o
                0x0000000000000208                midi
                0x00000000000003d0                main
 .text          0x00000000000004a0      0x2d8 soc-hw.o
                0x00000000000004a0                isr_null
                0x00000000000004a4                tic_isr
                0x00000000000004d0                irq_handler
                0x0000000000000534                isr_init
                0x0000000000000558                isr_register
                0x0000000000000570                isr_unregister
                0x0000000000000590                spi_init
                0x00000000000005e0                spi_readByte
                0x0000000000000618                gpio_init
                0x0000000000000630                gpio_read
                0x0000000000000648                msleep
                0x0000000000000684                nsleep
                0x00000000000006b4                tic_init
                0x00000000000006f8                uart_init
                0x00000000000006fc                uart_getchar
                0x0000000000000720                uart_putchar
                0x0000000000000744                uart_putstr
                0x0000000000000778                _etext = .

.rodata         0x0000000000000778        0x4
                0x0000000000000778                . = ALIGN (0x4)
                0x0000000000000778                _frodata = .
 *(.rodata .rodata.* .gnu.linkonce.r.*)
 .rodata.cst4   0x0000000000000778        0x4 soc-hw.o
 *(.rodata1)
                0x000000000000077c                _erodata = .

.data           0x000000000000077c       0x10
                0x000000000000077c                . = ALIGN (0x4)
                0x000000000000077c                _fdata = .
 *(.data .data.* .gnu.linkonce.d.*)
 .data          0x000000000000077c        0x0 crt0ram.o
 .data          0x000000000000077c        0x0 main.o
 .data          0x000000000000077c       0x10 soc-hw.o
                0x000000000000077c                uart0
                0x0000000000000780                timer0
                0x0000000000000784                gpio0
                0x0000000000000788                spi0
 *(.data1)
                0x0000000000000790                _gp = ALIGN (0x10)
 *(.sdata .sdata.* .gnu.linkonce.s.*)
                0x000000000000078c                _edata = .

.bss            0x000000000000078c       0x84
                0x000000000000078c                . = ALIGN (0x4)
                0x000000000000078c                _fbss = .
 *(.dynsbss)
 *(.sbss .sbss.* .gnu.linkonce.sb.*)
 *(.scommon)
 *(.dynbss)
 *(.bss .bss.* .gnu.linkonce.b.*)
 .bss           0x000000000000078c        0x0 crt0ram.o
 .bss           0x000000000000078c        0x0 main.o
 .bss           0x000000000000078c        0x0 soc-hw.o
 *(COMMON)
 COMMON         0x000000000000078c       0x84 soc-hw.o
                0x000000000000078c                isr_table
                0x000000000000080c                tic_msec
                0x0000000000000810                _ebss = .
                0x0000000000000810                _end = .
                0x0000000000000ffc                PROVIDE (_fstack, ((ORIGIN (ram) + 0x1000) - 0x4))
LOAD crt0ram.o
LOAD main.o
LOAD soc-hw.o
OUTPUT(image elf32-lm32)

.debug_abbrev   0x0000000000000000      0x267
 .debug_abbrev  0x0000000000000000       0xb1 main.o
 .debug_abbrev  0x00000000000000b1      0x1b6 soc-hw.o

.debug_info     0x0000000000000000      0x6ab
 .debug_info    0x0000000000000000      0x142 main.o
 .debug_info    0x0000000000000142      0x569 soc-hw.o

.debug_line     0x0000000000000000      0x5f5
 .debug_line    0x0000000000000000      0x2a0 main.o
 .debug_line    0x00000000000002a0      0x355 soc-hw.o

.debug_frame    0x0000000000000000      0x150
 .debug_frame   0x0000000000000000       0x30 main.o
 .debug_frame   0x0000000000000030      0x120 soc-hw.o

.debug_loc      0x0000000000000000      0x364
 .debug_loc     0x0000000000000000      0x21e main.o
 .debug_loc     0x000000000000021e      0x146 soc-hw.o

.debug_pubnames
                0x0000000000000000      0x170
 .debug_pubnames
                0x0000000000000000       0x24 main.o
 .debug_pubnames
                0x0000000000000024      0x14c soc-hw.o

.debug_pubtypes
                0x0000000000000000       0x90
 .debug_pubtypes
                0x0000000000000000       0x2b main.o
 .debug_pubtypes
                0x000000000000002b       0x65 soc-hw.o

.debug_aranges  0x0000000000000000       0x40
 .debug_aranges
                0x0000000000000000       0x20 main.o
 .debug_aranges
                0x0000000000000020       0x20 soc-hw.o

.debug_str      0x0000000000000000      0x22d
 .debug_str     0x0000000000000000       0xad main.o
                                         0xb9 (size before relaxing)
 .debug_str     0x00000000000000ad      0x180 soc-hw.o
                                        0x226 (size before relaxing)

.comment        0x0000000000000000       0x11
 .comment       0x0000000000000000       0x11 main.o
                                         0x12 (size before relaxing)
 .comment       0x0000000000000000       0x12 soc-hw.o

.debug_ranges   0x0000000000000000       0x18
 .debug_ranges  0x0000000000000000       0x18 soc-hw.o
