
Allocating common symbols
Common symbol       size              file

p                   0x4               main.o
p2                  0x4               main.o
isr_table           0x80              soc-hw.o
tic_msec            0x4               soc-hw.o

Memory Configuration

Name             Origin             Length             Attributes
ram              0x0000000000000000 0x0000000000001000
*default*        0x0000000000000000 0xffffffffffffffff

Linker script and memory map

                0x0000000000000000                __DYNAMIC = 0x0
                0x0000000000000000                _RAM_START = 0x0
                0x0000000000001000                _RAM_SIZE = 0x1000
                0x0000000000001000                _RAM_END = (_RAM_START + _RAM_SIZE)

.text           0x0000000000000000      0x860
                0x0000000000000000                _ftext = .
 *(.text .stub .text.* .gnu.linkonce.t.*)
 .text          0x0000000000000000      0x208 crt0ram.o
                0x0000000000000000                _start
                0x0000000000000140                irq_enable
                0x000000000000014c                irq_disable
                0x0000000000000158                irq_set_mask
                0x0000000000000160                irq_get_mask
                0x0000000000000168                jump
                0x000000000000016c                halt
                0x00000000000001f8                get_sp
                0x0000000000000200                get_gp
 .text          0x0000000000000208      0x3c4 main.o
                0x0000000000000208                writeint
                0x0000000000000268                test2
                0x0000000000000284                test
                0x00000000000002ac                main
 .text          0x00000000000005cc      0x294 soc-hw.o
                0x00000000000005cc                isr_null
                0x00000000000005d0                tic_isr
                0x00000000000005fc                prueba
                0x0000000000000670                irq_handler
                0x00000000000006d4                isr_init
                0x00000000000006f8                isr_register
                0x0000000000000710                isr_unregister
                0x0000000000000730                msleep
                0x000000000000076c                nsleep
                0x000000000000079c                tic_init
                0x00000000000007e0                uart_init
                0x00000000000007e4                uart_getchar
                0x0000000000000808                uart_putchar
                0x000000000000082c                uart_putstr
                0x0000000000000860                _etext = .

.rodata         0x0000000000000860      0x114
                0x0000000000000860                . = ALIGN (0x4)
                0x0000000000000860                _frodata = .
 *(.rodata .rodata.* .gnu.linkonce.r.*)
 .rodata.str1.4
                0x0000000000000860      0x110 main.o
 .rodata.cst4   0x0000000000000970        0x4 soc-hw.o
 *(.rodata1)
                0x0000000000000974                _erodata = .

.data           0x0000000000000974       0x18
                0x0000000000000974                . = ALIGN (0x4)
                0x0000000000000974                _fdata = .
 *(.data .data.* .gnu.linkonce.d.*)
 .data          0x0000000000000974        0x0 crt0ram.o
 .data          0x0000000000000974        0x8 main.o
                0x0000000000000974                glob
 .data          0x000000000000097c       0x10 soc-hw.o
                0x000000000000097c                uart0
                0x0000000000000980                timer0
                0x0000000000000984                gpio0
                0x0000000000000988                spi0
 *(.data1)
                0x0000000000000990                _gp = ALIGN (0x10)
 *(.sdata .sdata.* .gnu.linkonce.s.*)
                0x000000000000098c                _edata = .

.bss            0x000000000000098c       0x8c
                0x000000000000098c                . = ALIGN (0x4)
                0x000000000000098c                _fbss = .
 *(.dynsbss)
 *(.sbss .sbss.* .gnu.linkonce.sb.*)
 *(.scommon)
 *(.dynbss)
 *(.bss .bss.* .gnu.linkonce.b.*)
 .bss           0x000000000000098c        0x0 crt0ram.o
 .bss           0x000000000000098c        0x0 main.o
 .bss           0x000000000000098c        0x0 soc-hw.o
 *(COMMON)
 COMMON         0x000000000000098c        0x8 main.o
                0x000000000000098c                p
                0x0000000000000990                p2
 COMMON         0x0000000000000994       0x84 soc-hw.o
                0x0000000000000994                isr_table
                0x0000000000000a14                tic_msec
                0x0000000000000a18                _ebss = .
                0x0000000000000a18                _end = .
                0x0000000000000ffc                PROVIDE (_fstack, ((ORIGIN (ram) + 0x1000) - 0x4))
LOAD crt0ram.o
LOAD main.o
LOAD soc-hw.o
OUTPUT(image elf32-lm32)

.debug_abbrev   0x0000000000000000      0x34e
 .debug_abbrev  0x0000000000000000      0x1b1 main.o
 .debug_abbrev  0x00000000000001b1      0x19d soc-hw.o

.debug_info     0x0000000000000000      0x8a9
 .debug_info    0x0000000000000000      0x39b main.o
 .debug_info    0x000000000000039b      0x50e soc-hw.o

.debug_line     0x0000000000000000      0x79b
 .debug_line    0x0000000000000000      0x468 main.o
 .debug_line    0x0000000000000468      0x333 soc-hw.o

.debug_frame    0x0000000000000000      0x140
 .debug_frame   0x0000000000000000       0x50 main.o
 .debug_frame   0x0000000000000050       0xf0 soc-hw.o

.debug_loc      0x0000000000000000      0x474
 .debug_loc     0x0000000000000000      0x378 main.o
 .debug_loc     0x0000000000000378       0xfc soc-hw.o

.debug_pubnames
                0x0000000000000000      0x16e
 .debug_pubnames
                0x0000000000000000       0x51 main.o
 .debug_pubnames
                0x0000000000000051      0x11d soc-hw.o

.debug_pubtypes
                0x0000000000000000       0x8f
 .debug_pubtypes
                0x0000000000000000       0x36 main.o
 .debug_pubtypes
                0x0000000000000036       0x59 soc-hw.o

.debug_aranges  0x0000000000000000       0x40
 .debug_aranges
                0x0000000000000000       0x20 main.o
 .debug_aranges
                0x0000000000000020       0x20 soc-hw.o

.debug_ranges   0x0000000000000000       0x38
 .debug_ranges  0x0000000000000000       0x20 main.o
 .debug_ranges  0x0000000000000020       0x18 soc-hw.o

.debug_str      0x0000000000000000      0x21f
 .debug_str     0x0000000000000000       0xf9 main.o
                                        0x10f (size before relaxing)
 .debug_str     0x00000000000000f9      0x126 soc-hw.o
                                        0x1ef (size before relaxing)

.comment        0x0000000000000000       0x11
 .comment       0x0000000000000000       0x11 main.o
                                         0x12 (size before relaxing)
 .comment       0x0000000000000000       0x12 soc-hw.o
